C51 COMPILER V9.60.7.0   MAIN                                                              06/25/2024 15:38:13 PAGE 1   


C51 COMPILER V9.60.7.0, COMPILATION OF MODULE MAIN
OBJECT MODULE PLACED IN .\Objects\main.obj
COMPILER INVOKED BY: C:\Keil_v5\C51\BIN\C51.EXE main.c LARGE OPTIMIZE(8,SPEED) BROWSE INCDIR(.\LCD;.\SHT30) DEBUG OBJECT
                    -EXTEND PRINT(.\Listings\main.lst) TABS(2) OBJECT(.\Objects\main.obj)

line level    source

   1          #include "main.h"
   2          #include "spi.h"
   3          #include "lcd.h"
   4          #include "lcd_init.h"
   5          #include "SHT30.h"
   6          
   7          
   8          extern SHT30_Data_TypeDef SHT30_Data;
   9          
  10          u8 SHT30_Collect=0;
  11          
  12          
  13          void GPIO_Init(void)
  14          {
  15   1        P0M1 = 0x00;//设置P0端口模式
  16   1        P0M0 = 0xff;
  17   1        
  18   1        P1M1 = 0x00;//设置P1端口模式
  19   1        P1M0 = 0x00;
  20   1                    
  21   1        P2M1 = 0x00;//设置P2端口模式
  22   1        P2M0 = 0x00;
  23   1                    
  24   1        P3M1 = 0x00;//设置P3端口模式
  25   1        P3M0 = 0x00;
  26   1                    
  27   1        P4M1 = 0x00;//设置P4端口模式
  28   1        P4M0 = 0x00;
  29   1                    
  30   1        P5M1 = 0x00;//设置P5端口模式
  31   1        P5M0 = 0x00;  
  32   1      }
  33          
  34          void Timer0_Init(void)    //1毫秒@11.0592MHz
  35          {
  36   1        AUXR &= 0x7F;     //定时器时钟12T模式
  37   1        TMOD &= 0xF0;     //设置定时器模式
  38   1        TL0 = 0x66;       //设置定时初始值
  39   1        TH0 = 0xFC;       //设置定时初始值
  40   1        TF0 = 0;        //清除TF0标志
  41   1        TR0 = 1;        //定时器0开始计时
  42   1        ET0 = 1;        //使能定时器0中断
  43   1      }
  44          
  45          //void Uart1Init(void)    //9600bps@11.0592MHz
  46          //{
  47          //  SCON = 0x50;    //8位数据,可变波特率
  48          //  AUXR &= 0xBF;   //定时器时钟12T模式
  49          //  AUXR &= 0xFE;   //串口1选择定时器1为波特率发生器
  50          //  TMOD &= 0x0F;   //设置定时器模式
  51          //  TL1 = 0xE8;     //设置定时初始值
  52          //  TH1 = 0xFF;     //设置定时初始值
  53          //  ET1 = 0;      //禁止定时器中断
  54          //  TR1 = 1;      //定时器1开始计时
C51 COMPILER V9.60.7.0   MAIN                                                              06/25/2024 15:38:13 PAGE 2   

  55          //  ES = 1;
  56          //  TI = 1;
  57          //} 
  58          
  59          void main()
  60          {
  61   1        GPIO_Init();
  62   1        Timer0_Init();
  63   1        EA = 1;
  64   1        SPI_Init();
  65   1        SHT30_reset();
  66   1        Init_SHT30();
  67   1        LCD_Init();//LCD初始化
  68   1        LCD_Clear1(BLACK);
  69   1        LCD_DrawLine(20,40,20,140,BROWN);   //坐标轴
  70   1        LCD_DrawLine(20,140,200,140,BROWN);
  71   1        while(1)
  72   1        {
  73   2          static u8 temp_value_pro=0;
  74   2          static u8 humi_value_pro=0;
  75   2          static u8 cnt1_value=1;
  76   2          LED1=0;
  77   2          if(SHT30_Collect)
  78   2          {
  79   3            SHT30_Collect=0;
  80   3            SHT30_Read_Data();//温湿度采集
  81   3            display_printf(80,165,GREEN,BLACK,16,0,"温度：%d ",(int)SHT30_Data.Temperature);
  82   3            display_printf(80,205,LIGHTBLUE,BLACK,16,0,"湿度：%d ",(int)SHT30_Data.Humidity);
  83   3            LCD_DrawLine(20+(cnt1_value-1),140-temp_value_pro,20+cnt1_value,140-(int)SHT30_Data.Temperature,GREEN);
             -//温度的折线图
  84   3            temp_value_pro=(int)SHT30_Data.Temperature;
  85   3            LCD_DrawLine(20+(cnt1_value-1),140-humi_value_pro,20+cnt1_value,140-(int)SHT30_Data.Humidity,LIGHTBLUE)
             -;//湿度的折线图
  86   3            humi_value_pro=(int)SHT30_Data.Humidity;
  87   3            
  88   3            cnt1_value++;
  89   3            if(cnt1_value>=180)
  90   3            {
  91   4              cnt1_value=1;
  92   4              LCD_Fill( 20,40,200,140,BLACK);//清
  93   4              
  94   4              LCD_DrawLine(20,40,20,140,BROWN);   //坐标轴
  95   4              LCD_DrawLine(20,140,200,140,BROWN);
  96   4            }
  97   3          }
  98   2        }
  99   1      }
 100          
 101          void Timer0_Isr(void) interrupt 1
 102          {
 103   1        static unsigned int count1 = 0;
 104   1        if (++count1 >= 100)
 105   1        {
 106   2          LED8 = ~LED8;
 107   2          count1 = 0;
 108   2          SHT30_Collect=1;
 109   2        }
 110   1      }
 111          


MODULE INFORMATION:   STATIC OVERLAYABLE
C51 COMPILER V9.60.7.0   MAIN                                                              06/25/2024 15:38:13 PAGE 3   

   CODE SIZE        =    702    ----
   CONSTANT SIZE    =     20    ----
   XDATA SIZE       =      6    ----
   PDATA SIZE       =   ----    ----
   DATA SIZE        =   ----    ----
   IDATA SIZE       =   ----    ----
   BIT SIZE         =   ----    ----
END OF MODULE INFORMATION.


C51 COMPILATION COMPLETE.  0 WARNING(S),  0 ERROR(S)
